// Jest Snapshot v1, https://goo.gl/fbAQLP

exports[`spy 1 1`] = `
Array [
  Object {
    "debugObjectName": "ObservableValue@6",
    "newValue": 4,
    "observableKind": "value",
    "oldValue": 3,
    "spyReportStart": true,
    "type": "update",
  },
  Object {
    "debugObjectName": "ComputedValue@7",
    "newValue": 8,
    "observableKind": "computed",
    "oldValue": 6,
    "type": "update",
  },
  Object {
    "name": "Autorun@8",
    "spyReportStart": true,
    "type": "reaction",
  },
  Object {
    "spyReportEnd": true,
    "type": "report-end",
  },
  Object {
    "spyReportEnd": true,
    "type": "report-end",
  },
]
`;
